// Jest Snapshot v1, https://goo.gl/fbAQLP

exports[`Footer Component matches snapshot without props 1`] = `
<footer>
  <p>
    Â© 2018 Code Fellows
  </p>
</footer>
`;
